Script started on Tue Apr 12 13:37:42 2016
[?1034hbash-3.2$ sr[Ktart
bash: start: command not found
bash-3.2$ tun
bash: tun: command not found
bash-3.2$ run
bash: run: command not found
bash-3.2$ r
bash: r: command not found
bash-3.2$ c
bash: c: command not found
bash-3.2$ q
bash: q: command not found
bash-3.2$ 
bash-3.2$ 
bash-3.2$ q
bash: q: command not found
bash-3.2$ 
bash-3.2$ 
bash-3.2$ 
bash-3.2$ w[Kexit
exit

Script done on Tue Apr 12 13:38:11 2016
